2026-06-01 14:52:20 [30460] INFO  AutomationFramework - === Global Test Setup Started ===
2026-06-01 14:52:20 [30460] INFO  AutomationFramework - Workers: 2
2026-06-01 14:52:20 [30460] INFO  AutomationFramework - Projects: 7
2026-06-01 14:52:20 [30460] INFO  AutomationFramework - Created report directory: reports/test-results
2026-06-01 14:52:22 [30460] INFO  AutomationFramework - Loading credentials from env source
2026-06-01 14:52:22 [30460] INFO  AutomationFramework - [OK] Credentials loaded for: s-prd-clickauto@psav.com
2026-06-01 14:52:22 [30460] INFO  AutomationFramework - === Global Test Setup Completed ===

Running 1 test using 1 worker

[auth.setup] existing state stale -> refresh under lock
2026-06-01 14:52:35 [28416] INFO  AutomationFramework - Loading credentials from env source
2026-06-01 14:52:35 [28416] INFO  AutomationFramework - [OK] Credentials loaded for: s-prd-clickauto@psav.com
2026-06-01 14:52:40 [28416] INFO  AutomationFramework - LoginPage constructed for Navigator Cloud
2026-06-01 14:52:40 [28416] INFO  AutomationFramework - Starting Microsoft SSO login for s-prd-clickauto@psav.com
2026-06-01 14:52:40 [28416] INFO  AutomationFramework - Waiting for Navigator Cloud sign-in page...
2026-06-01 14:52:40 [28416] INFO  AutomationFramework - [OK] Clicked "Continue Now" on Navigator Cloud sign-in page
2026-06-01 14:52:40 [28416] INFO  AutomationFramework - Waiting for Microsoft login page...
2026-06-01 14:52:44 [28416] INFO  AutomationFramework - [OK] Microsoft login page loaded
2026-06-01 14:52:44 [28416] INFO  AutomationFramework - Entering email...
2026-06-01 14:52:44 [28416] INFO  AutomationFramework - Waiting for password field...
2026-06-01 14:52:44 [28416] INFO  AutomationFramework - Entering password...
2026-06-01 14:52:46 [28416] INFO  AutomationFramework - "Stay signed in?" prompt detected, clicking Yes...
2026-06-01 14:52:47 [28416] INFO  AutomationFramework - [OK] "Stay signed in" accepted
2026-06-01 14:52:47 [28416] INFO  AutomationFramework - Waiting for redirect to Navigator Cloud...
2026-06-01 14:52:52 [28416] INFO  AutomationFramework - [wait] Waiting for domcontentloaded after redirect...
2026-06-01 14:52:52 [28416] INFO  AutomationFramework - [wait] Waiting for full page load...
2026-06-01 14:52:52 [28416] INFO  AutomationFramework - [OK] Page load complete after redirect
2026-06-01 14:52:54 [28416] INFO  AutomationFramework - Authentication check: [OK] Authenticated -- URL: https://cloudapps-e2e.encoreglobal.com/navigator/locations/1121/home
2026-06-01 14:52:54 [28416] INFO  AutomationFramework - [OK] Microsoft SSO login successful
[auth.setup] login succeeded on attempt 1/3
[auth.setup] state saved -> C:\Users\rutvi\projects\encore_framework\clients\encore\.auth\encore-state.json
[auth.setup] state file validates -> session+csrf cookies present, not expired
  ok 1 [setup] › src\infra\auth.setup.ts:25:6 › acquire shared auth state (32.3s)
2026-06-01 14:52:55 [30460] INFO  AutomationFramework - Global teardown complete

  1 passed (35.3s)
